###############################################################################
#
# IAR ELF Linker V8.40.1.212/W32 for ARM                  27/Aug/2021  22:07:48
# Copyright 2007-2019 IAR Systems AB.
#
#    Output file  =
#        D:\myTutorial\Libraries\C_C++\Embedded_C99\Microcontroller\stm32f411xx\test_lib\stm32f411ve\Debug\Exe\test.out
#    Map file     =
#        D:\myTutorial\Libraries\C_C++\Embedded_C99\Microcontroller\stm32f411xx\test_lib\stm32f411ve\Debug\List\test.map
#    Command line =
#        -f C:\Users\lenguyen\AppData\Local\Temp\EW65A4.tmp
#        (D:\myTutorial\Libraries\C_C++\Embedded_C99\Microcontroller\stm32f411xx\test_lib\stm32f411ve\Debug\Obj\main.o
#        --no_out_extension -o
#        D:\myTutorial\Libraries\C_C++\Embedded_C99\Microcontroller\stm32f411xx\test_lib\stm32f411ve\Debug\Exe\test.out
#        --map
#        D:\myTutorial\Libraries\C_C++\Embedded_C99\Microcontroller\stm32f411xx\test_lib\stm32f411ve\Debug\List\test.map
#        --config "C:\Program Files (x86)\IAR Systems\Embedded Workbench
#        8.3\arm\config\linker\ST\stm32f411xE.icf" --semihosting --entry
#        __iar_program_start --vfe --text_out locale)
#
###############################################################################

*******************************************************************************
*** RUNTIME MODEL ATTRIBUTES
***

CppFlavor       = *
__SystemLibrary = DLib
__dlib_version  = 6


*******************************************************************************
*** HEAP SELECTION
***

The basic heap was selected because no calls to memory allocation
functions were found in the application outside of system library
functions, and there are calls to deallocation functions in the
application.


*******************************************************************************
*** PLACEMENT SUMMARY
***

"A0":  place at address 0x800'0000 { ro section .intvec };
"P1":  place in [from 0x800'0000 to 0x807'ffff] { ro };
define block CSTACK with size = 8K, alignment = 8 { };
define block HEAP with size = 8K, alignment = 8 { };
"P2":  place in [from 0x2000'0000 to 0x2001'ffff] {
          rw, block CSTACK, block HEAP };

No sections matched the following patterns:

  rw  in "P2"


  Section   Kind         Address    Size  Object
  -------   ----         -------    ----  ------
"A0":                               0x40
  .intvec   ro code   0x800'0000    0x40  vector_table_M.o [3]
                    - 0x800'0040    0x40

"P1":                               0x54
  .text     ro code   0x800'0040    0x1e  cmain.o [3]
  .text     ro code   0x800'005e     0x4  low_level_init.o [2]
  .text     ro code   0x800'0062     0x2  main.o [1]
  .text     ro code   0x800'0064     0x4  exit.o [2]
  .text     ro code   0x800'0068     0xa  cexit.o [3]
  .text     ro code   0x800'0072     0x2  vector_table_M.o [3]
  .text     ro code   0x800'0074    0x14  exit.o [4]
  .text     ro code   0x800'0088     0xc  cstartup_M.o [3]
                    - 0x800'0094    0x54

"P2":                             0x2000
  CSTACK             0x2000'0000  0x2000  <Block>
    CSTACK  uninit   0x2000'0000  0x2000  <Block tail>
                   - 0x2000'2000  0x2000

Unused ranges:

         From           To      Size
         ----           --      ----
   0x800'0094   0x807'ffff  0x7'ff6c
  0x2000'2000  0x2001'ffff  0x1'e000



*******************************************************************************
*** MODULE SUMMARY
***

    Module            ro code  rw data
    ------            -------  -------
command line/config:
    ----------------------------------
    Total:

D:\myTutorial\Libraries\C_C++\Embedded_C99\Microcontroller\stm32f411xx\test_lib\stm32f411ve\Debug\Obj: [1]
    main.o                  2
    ----------------------------------
    Total:                  2

dl7M_tln.a: [2]
    exit.o                  4
    low_level_init.o        4
    ----------------------------------
    Total:                  8

rt7M_tl.a: [3]
    cexit.o                10
    cmain.o                30
    cstartup_M.o           12
    vector_table_M.o       66
    ----------------------------------
    Total:                118

shb_l.a: [4]
    exit.o                 20
    ----------------------------------
    Total:                 20

    Linker created               8'192
--------------------------------------
    Grand Total:          148    8'192


*******************************************************************************
*** ENTRY LIST
***

Entry                     Address  Size  Type      Object
-----                     -------  ----  ----      ------
?main                  0x800'0041        Code  Gb  cmain.o [3]
CSTACK$$Base          0x2000'0000         --   Gb  - Linker created -
CSTACK$$Limit         0x2000'2000         --   Gb  - Linker created -
Region$$Table$$Base           0x0         --   Gb  - Linker created -
Region$$Table$$Limit          0x0         --   Gb  - Linker created -
__cmain                0x800'0041        Code  Gb  cmain.o [3]
__exit                 0x800'0075  0x14  Code  Gb  exit.o [4]
__iar_program_start    0x800'0089        Code  Gb  cstartup_M.o [3]
__low_level_init       0x800'005f   0x4  Code  Gb  low_level_init.o [2]
__vector_table         0x800'0000        Data  Gb  vector_table_M.o [3]
_call_main             0x800'004d        Code  Gb  cmain.o [3]
_exit                  0x800'0069        Code  Gb  cexit.o [3]
_main                  0x800'005b        Code  Gb  cmain.o [3]
exit                   0x800'0065   0x4  Code  Gb  exit.o [2]
main                   0x800'0063   0x2  Code  Gb  main.o [1]


[1] = D:\myTutorial\Libraries\C_C++\Embedded_C99\Microcontroller\stm32f411xx\test_lib\stm32f411ve\Debug\Obj
[2] = dl7M_tln.a
[3] = rt7M_tl.a
[4] = shb_l.a

    148 bytes of readonly  code memory
  8'192 bytes of readwrite data memory

Errors: none
Warnings: none
