12:06:01 **** Build of configuration Debug for project blink ****
make -j8 all 
arm-none-eabi-gcc -o "blink.elf" @"objects.list"   -mcpu=cortex-m4 -T"D:\myTutorial\training\micro_controller\cubemx\stm32f411\blink\STM32F411VETX_FLASH.ld" --specs=nosys.specs -Wl,-Map="blink.map" -Wl,--gc-sections -static --specs=nano.specs -mfpu=fpv4-sp-d16 -mfloat-abi=hard -mthumb -Wl,--start-group -lc -lm -Wl,--end-group
Finished building target: blink.elf
 
arm-none-eabi-size   blink.elf 
arm-none-eabi-objdump -h -S  blink.elf  > "blink.list"
arm-none-eabi-objcopy  -O binary  blink.elf  "blink.bin"
   text	   data	    bss	    dec	    hex	filename
   5776	     20	   1572	   7368	   1cc8	blink.elf
Finished building: default.size.stdout
 
Finished building: blink.bin
 
Finished building: blink.list
 
12:06:17 **** Incremental Build of configuration Debug for project blink ****
make -j8 all 
arm-none-eabi-size   blink.elf 
   text	   data	    bss	    dec	    hex	filename
   5776	     20	   1572	   7368	   1cc8	blink.elf
Finished building: default.size.stdout
 
