###############################################################################
#
# IAR ELF Linker V8.40.1.212/W32 for ARM                  08/Sep/2021  11:33:04
# Copyright 2007-2019 IAR Systems AB.
#
#    Output file  =
#        D:\myTutorial\Libraries\C_C++\Embedded_C99\Microcontroller\stm32f103xx\test_lib\stm32f103c8_blinkLed\Debug\Exe\blink_LED.out
#    Map file     =
#        D:\myTutorial\Libraries\C_C++\Embedded_C99\Microcontroller\stm32f103xx\test_lib\stm32f103c8_blinkLed\Debug\List\blink_LED.map
#    Command line =
#        -f C:\Users\lenguyen\AppData\Local\Temp\EWA342.tmp
#        (D:\myTutorial\Libraries\C_C++\Embedded_C99\Microcontroller\stm32f103xx\test_lib\stm32f103c8_blinkLed\Debug\Obj\main.o
#        --no_out_extension -o
#        D:\myTutorial\Libraries\C_C++\Embedded_C99\Microcontroller\stm32f103xx\test_lib\stm32f103c8_blinkLed\Debug\Exe\blink_LED.out
#        --map
#        D:\myTutorial\Libraries\C_C++\Embedded_C99\Microcontroller\stm32f103xx\test_lib\stm32f103c8_blinkLed\Debug\List\blink_LED.map
#        --config "C:\Program Files (x86)\IAR Systems\Embedded Workbench
#        8.3\arm\config\linker\ST\stm32f103x8.icf" --semihosting --entry
#        __iar_program_start --vfe --text_out locale)
#
###############################################################################

*******************************************************************************
*** RUNTIME MODEL ATTRIBUTES
***

CppFlavor       = *
__SystemLibrary = DLib
__dlib_version  = 6


*******************************************************************************
*** HEAP SELECTION
***

The basic heap was selected because no calls to memory allocation
functions were found in the application outside of system library
functions, and there are calls to deallocation functions in the
application.


*******************************************************************************
*** PLACEMENT SUMMARY
***

"A0":  place at address 0x800'0000 { ro section .intvec };
"P1":  place in [from 0x800'0000 to 0x800'ffff] { ro };
define block CSTACK with size = 2K, alignment = 8 { };
define block HEAP with size = 2K, alignment = 8 { };
"P2":  place in [from 0x2000'0000 to 0x2000'4fff] {
          rw, block CSTACK, block HEAP };

No sections matched the following patterns:

  rw  in "P2"


  Section   Kind         Address   Size  Object
  -------   ----         -------   ----  ------
"A0":                              0x40
  .intvec   ro code   0x800'0000   0x40  vector_table_M.o [3]
                    - 0x800'0040   0x40

"P1":                              0xa0
  .text     ro code   0x800'0040   0x4c  main.o [1]
  .text     ro code   0x800'008c   0x1e  cmain.o [3]
  .text     ro code   0x800'00aa    0x4  low_level_init.o [2]
  .text     ro code   0x800'00ae    0x4  exit.o [2]
  .text     ro code   0x800'00b2    0x2  vector_table_M.o [3]
  .text     ro code   0x800'00b4    0xa  cexit.o [3]
  .text     ro code   0x800'00c0   0x14  exit.o [4]
  .text     ro code   0x800'00d4    0xc  cstartup_M.o [3]
                    - 0x800'00e0   0xa0

"P2":                             0x800
  CSTACK             0x2000'0000  0x800  <Block>
    CSTACK  uninit   0x2000'0000  0x800  <Block tail>
                   - 0x2000'0800  0x800

Absolute sections, part 1 of 4:    0x1c
  .noinit   uninit   0x4001'0800   0x1c  main.o [1]
                   - 0x4001'081c   0x1c

Absolute sections, part 2 of 4:    0x1c
  .noinit   uninit   0x4001'0c00   0x1c  main.o [1]
                   - 0x4001'0c1c   0x1c

Absolute sections, part 3 of 4:    0x1c
  .noinit   uninit   0x4001'1000   0x1c  main.o [1]
                   - 0x4001'101c   0x1c

Absolute sections, part 4 of 4:    0x2c
  .noinit   uninit   0x4002'1000   0x2c  main.o [1]
                   - 0x4002'102c   0x2c

Unused ranges:

         From           To    Size
         ----           --    ----
   0x800'00e0   0x800'ffff  0xff20
  0x2000'0800  0x2000'4fff  0x4800



*******************************************************************************
*** MODULE SUMMARY
***

    Module            ro code  rw data  rw data
                                         (abs)
    ------            -------  -------  -------
command line/config:
    -------------------------------------------
    Total:

D:\myTutorial\Libraries\C_C++\Embedded_C99\Microcontroller\stm32f103xx\test_lib\stm32f103c8_blinkLed\Debug\Obj: [1]
    main.o                 76               128
    -------------------------------------------
    Total:                 76               128

dl7M_tln.a: [2]
    exit.o                  4
    low_level_init.o        4
    -------------------------------------------
    Total:                  8

rt7M_tl.a: [3]
    cexit.o                10
    cmain.o                30
    cstartup_M.o           12
    vector_table_M.o       66
    -------------------------------------------
    Total:                118

shb_l.a: [4]
    exit.o                 20
    -------------------------------------------
    Total:                 20

    Gaps                    2
    Linker created               2'048
-----------------------------------------------
    Grand Total:          224    2'048      128


*******************************************************************************
*** ENTRY LIST
***

Entry                     Address  Size  Type      Object
-----                     -------  ----  ----      ------
?main                  0x800'008d        Code  Gb  cmain.o [3]
CSTACK$$Base          0x2000'0000         --   Gb  - Linker created -
CSTACK$$Limit         0x2000'0800         --   Gb  - Linker created -
GPIOA                 0x4001'0800  0x1c  Data  Gb  main.o [1]
GPIOB                 0x4001'0c00  0x1c  Data  Gb  main.o [1]
GPIOC                 0x4001'1000  0x1c  Data  Gb  main.o [1]
RCC                   0x4002'1000  0x2c  Data  Gb  main.o [1]
Region$$Table$$Base           0x0         --   Gb  - Linker created -
Region$$Table$$Limit          0x0         --   Gb  - Linker created -
__cmain                0x800'008d        Code  Gb  cmain.o [3]
__exit                 0x800'00c1  0x14  Code  Gb  exit.o [4]
__iar_program_start    0x800'00d5        Code  Gb  cstartup_M.o [3]
__low_level_init       0x800'00ab   0x4  Code  Gb  low_level_init.o [2]
__vector_table         0x800'0000        Data  Gb  vector_table_M.o [3]
_call_main             0x800'0099        Code  Gb  cmain.o [3]
_exit                  0x800'00b5        Code  Gb  cexit.o [3]
_main                  0x800'00a7        Code  Gb  cmain.o [3]
exit                   0x800'00af   0x4  Code  Gb  exit.o [2]
main                   0x800'0041  0x4c  Code  Gb  main.o [1]


[1] = D:\myTutorial\Libraries\C_C++\Embedded_C99\Microcontroller\stm32f103xx\test_lib\stm32f103c8_blinkLed\Debug\Obj
[2] = dl7M_tln.a
[3] = rt7M_tl.a
[4] = shb_l.a

    224 bytes of readonly  code memory
  2'048 bytes of readwrite data memory (+ 128 absolute)

Errors: none
Warnings: none
